[    0.000000] Initializing cgroup subsys cpuset[   0.000000] Initiaizg group subsys cpu
[    0.000000] Initializing cgroup subsys cpuacct
[   0.000000] Linux version 4.0--generic (buildd@lgw01-21) (gcc version 5.4.0 20160609 (Ubuntu 5.4.0-6ubuntu1~16.04.4) ) #96-Ubuntu SP Thu Ar  0:56: U 2017 (Uun 44.0-7596geric 4.459
    0.000000] Command line:BO_IAGE=/bot/linuz-4.4.0-75-generic root=LABEL=cloudimg-rootfs ro cosoe=tty1 cnslettyS0[  0.000000] KERNEL supporedpu:
[    0.000000]   Inte GuieIntel
[    0.000000]   AMD AuthenticAMD
[    0.000000]   Centaur CentaurHauls
[    0.000000] x86/fpu: xstate_offset[2]:  576, xstate_sizes[2]:  256
[    0.000000] x86/fpu: Supporting XSAVE feature 0x01: 'x87 floating point registers'
[   .000000 x/fu: Spptig XSAVEfeur 0x0: SEregisters'
[    0.000000] x86/fpu: Supporting XSAVE feature 004'AX registers'
[    0.000000] x86/fpu: Enaedxstate fetus x7, onxtsizeis32byte, in 'stanar frmat
  0.000000] x6/u:Using 'lazy' FPU contet ithes.
[   00000] e820: BIOS-providedphicl RAM map:
[    0.0000] OS-e820: [mem 0x0000000000000-0x000000009fbf]sale
[   0.000] BOS82: [mem0x00000009000x00000009ffff] reserved
[    0.000000] BIOS-e820: [mem 0x00000000000f000-0000000000fffff] reserved
  0.00000] BIOS-e820: [mem0x00000001000000x0000fffff] usable
  0.000000] BIOS-e820: [mem0x0000003fff0000-0x000000003fffffff] ACPI data
[    0.000000] BIOS-e820: [mm 0000000fffc0000-0x00000000ffffffff] reserved
[    0.000000] X xecue sale) pottin: activ
  0.000000] SMBIOS 2.5 present.
[    0.000000] Hypervisor detected: KVM
[    0.000000] e820: last_pfn = 0x3fff0 max_arch_pfn = 0x400000000
[    0.000000] MTRR: Disabled
[    0.000000] x86/PAT: MTRRs disabled, skipping PAT initialization too.
[    0.000000] x86/PAT: Configuration [0-7]: WB  WT  UC- UC  WB  WT  UC- UC  
[    0.000000] CPU MTRRs all blank - virtualized system.
[    0.000000] found SMP MP-table at [mem 0x0009fff0-0x0009ffff] mapped at [ffff88000009fff0]
[    0.000000] Scanning 1 areas for low memory corruption
[    0.000000] RAMDISK: [mem 0x36ace000-0x3755efff]
[    0.000000] ACPI: Early table checksum verification disabled
[    0.000000] ACPI: RSDP 0x00000000000E0000 000024 (v02 VBOX  )
[    0.000000] ACPI: XSDT 0x000000003FFF0030 00003C (v01 VBOX   VBOXXSDT 00000001 ASL  00000061)
[    0.000000] ACPI: FACP 0x000000003FFF00F0 0000F4 (v04 VBOX   VBOXFACP 00000001 ASL  00000061)
[    0.000000] ACPI: DSDT 0x000000003FFF0470 002118 (v01 VBOX   VBOXBIOS 00000002 INTL 20160108)
[    0.000000] ACPI: FACS 0x000000003FFF0200 000040
[    0.000000] ACPI: FACS 0x000000003FFF0200 000040
[    0.000000] ACPI: APIC 0x000000003FFF0240 00005C (v02 VBOX   VBOXAPIC 00000001 ASL  00000061)
[    0.000000] ACP: SSDT0x000003FFF020 01CC (v01 VBOX   VBOXCPUT 00000002 INTL 20160108)
[    0.000000] No NUMA configuration found
[    0.000000] Faking a node at [mem 0x0000000000000000-0x000000003ffeffff]
[    0.000000] NODE_DATA(0) allocated [mem 0x3ffeb000-0x3ffeffff]
[    0.000000] kvm-clock: Using msrs 4b564d01 and 4b564d00
[    0.000000] kvm-clock: cpu 0, msr 0:3ffe3001, primary cpu clock
[    0.000000] kvm-clock: using sched offset of 3192042142 cycles
[    0.000000] clocksource: kvm-clock: mask: 0xffffffffffffffff max_cycles: 0x1cd42e4dffb, max_idle_ns: 881590591483 ns
[    0.000000] Zone ranges:
[    0.000000]   DMA      [mem 0x0000000000001000-0x0000000000ffffff]
[    0.000000]   DMA32    [mem 0x0000000001000000-0x000000003ffeffff]
[    0.000000]   Normal   empty
[    0.000000]   Device   empty
[    0.000000] Movable zone start for each node
[    0.000000] Early memory node ranges
[    0.000000]   node   0: [mem 0x0000000000001000-0x000000000009efff]
[    0.000000]   node   0: [mem 0x0000000000100000-0x000000003ffeffff]
[    0.000000] Initmem setup node 0 [mem 0x0000000000001000-0x000000003ffeffff]
[    0.000000] ACPI: PM-Timer IO Port: 0x4008
[    0.000000] IOAPIC[0]: apic_id 2, version 17, address 0xfec00000, GSI 0-23
[    0.000000] ACPI: INT_SRC_OVR (bus 0 bus_irq 0 global_irq 2 dfl dfl)
[    0.000000] ACPI: INT_SRC_OVR (bus 0 busir 9 gloalrq9 high level)
[   0.0000] in ACPI (MADT) for SMP configurati iormation
[    0.000000] smbo: llowing2 PU 0 hotplug CPUs
[    .000000] PM: Registered nsave memory: [mem 0x0000000x0000fff]
[    0.000000] PM: Registered noavmemory:[mm 0009f000-0x0009ffff]
[    0.000000] PM: Registered nosave memory: [mem 0x000a0000-0x000effff]
[    0.000000] PM: Registered nosave memory: [mem 0x000f0000-0x000fffff]
[    0.000000] e820: [mem 0x40000000-0xfffbffff] available for PCI devices
[    0.000000] Booting paravirtualized kernel on KVM
[    0.000000] clocksource: refine-jfis: mask: 0xffffffff max_ccl: xfffffff,ax_ie_: 7645519600211568 ns
[   .00000] setup_percpu: NR_CPUS:512 nr_cpumask_bits:512 nr_cpu_ids:2 r_de_is:
[    .00000PECPU:Emddd 33 pages/cu ffff88003fc00000 s98264 r19d2712 u1085
[    0.0000 P qspinlock hash table enris: 256 (ordr: 0, 4096 bytes)
[    0.00] Built 1 zonelists in Noe der, mobility grouping on.  Total paes 25793    0.00000]olcy zone: DMA32
[   00000] Kernel command line: BOOT_IMAGE=/boot/vmluz.4.0-75-generic root=LABL=oudimg-rootfs ro console=tty1 console=ttyS0[   0000] PID hash table entries: 4096 (orde 332768 yt)
[    .000] Memor: 0160K/1081K vailbl (49K kenecoe, 1294K rwdata, 3980K rodata, 1484K init, 131K bss, 46360K reserved, 0K cma-reserved)
[    0.000000] SLUB: HWalign=64, Order=0-3, MinObjects=0, CPUs=2, Node=1[    0.000000] Hierarchica R impleentin.
[    .0000] 	Build-time adjustment of leaf fanout to 64.
  0.00000] 	RCU restricting CPUs from NR_CPU=5 t nr_u_s=2.
  0.000000] RCU: Adjustinggeety for rcu_fanout_leaf=6, r_puids=2[  0.000000] NR_IRQS:33024 nr_irqs:4 1
[    00000 Conol clour VGA+ 80x25
[    0.000000] consol [y1 enabled
[    0.00] console [ty] enle
[    0.000000] tsc: Detected 2394.456 MHz processor
[    6.823257] Calibrating delay loop (skipped) preset value.. 4788.91 BogoMIPS (lpj=9577824)
[    6.845064] pid_max: default: 32768 minimum: 301
[    6.899478] ACPI: Core revision 20150930
[    6.912373] ACPI: 2 ACPI AML tables successfully acquired and loaded
[    6.979510] Security Framework initialized
[    6.998524] Yama: becoming mindful.
[    7.023132] AppArmor: AppArmor initialized
[    7.043289] Dentry cache hash table entries: 131072 (order: 8, 1048576 bytes)
[    7.083489] Inode-cache hash table entries: 65536 (order: 7, 524288 bytes)
[    7.106313] Mount-cache hash table entries: 2048 (order: 2, 16384 bytes)
[    7.157234] Mountpoint-cache hash table entries: 2048 (order: 2, 16384 bytes)
[    7.228141] Initializing cgroup subsys io
[    7.233793] Initializing cgroup subsys memory
[    7.234871] Initializing cgroup subsys devices
[    7.240597] Initializing cgroup subsys freezer
[    7.241679] Initializing cgroup subsys net_cls
[    7.242755] Initializing cgroup subsys perf_event
[    7.243885] Initializing cgroup subsys net_prio
[    7.244984] Initializing cgroup subsys hugetlb
[    7.246041] Initializing cgroup subsys pids
[    7.247177] CPU: Physical Processor ID: 0
[    7.248205] CPU: Processor Core ID: 0
[    7.250118] mce: CPU supports 0 MCE banks
[    7.251151] Last level iTLB entries: 4KB 64, 2MB 8, 4MB 8
[    7.252406] Last level dTLB entries: 4KB 64, 2MB 0, 4MB 0, 1GB 4
[    7.278805] Freeing SMP alternatives memory: 32K (ffffffff820b8000 - ffffffff820c0000)
[    7.360650] ftrace: allocating 32117 entries in 126 pages
[    7.425145] smpboot: APIC(0) Converting physical 0 to logical package 0
[    7.456105] smpboot: Max logical packages: 1
[    7.459231] ..TIMER: vector=0x30 apic1=0 pin1=2 apic2=-1 pin2=-1
[    7.598980] smpboot: CPU0: Intel(R) Core(TM) i7-5500U CPU @ 2.40GHz (family: 0x6, model: 0x3d, stepping: 0x4)
[    7.604701] Performance Events: unsupported p6 CPU model 61 no PMU driver, software events only.
[    7.699781] KVM setup paravirtual spinlock
[    7.733992] x86: Booting SMP configuration:
[    7.795651] .... node  #0, CPUs:      #1
[    7.847627] kvm-clock: cpu 1, msr 0:3ffe3041, secondary cpu clock
[    7.853271] mce: CPU supports 0 MCE banks
[    7.855836] x86: Booted up 1 node, 2 CPUs
[    7.903373] smpboot: Total of 2 processors activated (9577.82 BogoMIPS)
[    7.908870] devtmpfs: initialized
[    7.929009] evm: security.selinux
[    7.964213] evm: security.SMACK64
[    8.000769] evm: security.SMACK64EXEC
[    8.043169] evm: security.SMACK64TRANSMUTE
[    8.088815] evm: security.SMACK64MMAP
[    8.127749] evm: security.ima
[    8.163135] evm: security.capability
[    8.200013] clocksource: jiffies: mask: 0xffffffff max_cycles: 0xffffffff, max_idle_ns: 7645041785100000 ns
[    8.308251] futex hash table entries: 512 (order: 3, 32768 bytes)
[    8.375967] pinctrl core: initialized pinctrl subsystem
[    8.397217] RTC time: 12:59:52, date: 04/30/17
[    8.417692] NET: Registered protocol family 16
[    8.479575] cpuidle: using governor ladder
[    8.507680] cpuidle: using governor menu
[    8.513795] PCCT header not found.
[    8.514547] ACPI: bus type PCI registered
[    8.515303] acpiphp: ACPI Hot Plug PCI Controller Driver version: 0.5
[    8.516509] PCI: Using configuration type 1 for base access
[    8.532212] ACPI: Added _OSI(Module Device)
[    8.538394] ACPI: Added _OSI(Processor Device)
[    8.539232] ACPI: Added _OSI(3.0 _SCP Extensions)
[    8.549738] ACPI: Added _OSI(Processor Aggregator Device)
[    8.551513] ACPI: Executed 1 blocks of module-level executable AML code
[    8.573986] ACPI: Interpreter enabled
[    8.596981] ACPI: (supports S0 S5)
[    8.597604] ACPI: Using IOAPIC for interrupt routing
[    8.648999] PCI: Using host bridge windows from ACPI; if necessary, use "pci=nocrs" and report a bug
[    8.726618] ACPI: PCI Root Bridge [PCI0] (domain 0000 [bus 00-ff])
[    8.757142] acpi PNP0A03:00: _OSC: OS supports [ASPM ClockPM Segments MSI]
[    8.832970] acpi PNP0A03:00: _OSC failed (AE_NOT_FOUND); disabling ASPM
[    8.911837] acpi PNP0A03:00: fail to add MMCONFIG information, can't access extended PCI configuration space under this bridge.
[    8.997861] PCI host bridge to bus 0000:00
[    9.043801] pci_bus 0000:00: root bus resource [io  0x0000-0x0cf7 window]
[    9.117012] pci_bus 0000:00: root bus resource [io  0x0d00-0xffff window]
[    9.180020] pci_bus 0000:00: root bus resource [mem 0x000a0000-0x000bffff window]
[    9.261595] pci_bus 0000:00: root bus resource [mem 0x40000000-0xffdfffff window]
[    9.276523] pci_bus 0000:00: root bus resource [bus 00-ff]
[    9.313525] pci 0000:00:01.1: legacy IDE quirk: reg 0x10: [io  0x01f0-0x01f7]
[    9.315018] pci 0000:00:01.1: legacy IDE quirk: reg 0x14: [io  0x03f6]
[    9.316448] pci 0000:00:01.1: legacy IDE quirk: reg 0x18: [io  0x0170-0x0177]
[    9.317939] pci 0000:00:01.1: legacy IDE quirk: reg 0x1c: [io  0x0376]
[    9.345452] ACPI: PCI Interrupt Link [LNKA] (IRQs 5 9 10 11) *0, disabled.
[    9.364995] ACPI: PCI Interrupt Link [LNKB] (IRQs 5 9 10 *11)
[    9.366863] ACPI: PCI Interrupt Link [LNKC] (IRQs 5 9 *10 11)
[    9.368763] ACPI: PCI Interrupt Link [LNKD] (IRQs 5 *9 10 11)
[    9.373620] ACPI: Enabled 2 GPEs in block 00 to 07
[    9.375305] vgaarb: setting as boot device: PCI:0000:00:02.0
[    9.376607] vgaarb: device added: PCI:0000:00:02.0,decodes=io+mem,owns=io+mem,locks=none
[    9.388641] vgaarb: loaded
[    9.394723] vgaarb: bridge control possible 0000:00:02.0
[    9.396319] SCSI subsystem initialized
[    9.397508] ACPI: bus type USB registered
[    9.398550] usbcore: registered new interface driver usbfs
[    9.399845] usbcore: registered new interface driver hub
[    9.401112] usbcore: registered new device driver usb
[    9.402669] PCI: Using ACPI for IRQ routing
[    9.404052] NetLabel: Initializing
[    9.404983] NetLabel:  domain hash size = 128
[    9.406036] NetLabel:  protocols = UNLABELED CIPSOv4
[    9.407207] NetLabel:  unlabeled traffic allowed by default
[    9.408672] amd_nb: Cannot enumerate AMD northbridges
[    9.409883] clocksource: Switched to clocksource kvm-clock
[    9.41797] pAorApArr lestm Enabled
[    9.800578] pnp: PnP ACPI init
[   8644pn P AI:ou 3dece

[   10.357315] clocksource: acpi_pm: mask: 0xffffff max_cycles: 0xffffff, max_idle_ns: 2085701024 ns
[   10.723629] NET: Registered protocol family 2
[   10.853384] TCP established hash table entries: 8192 (order: 4, 65536 bytes)
[   10.983352] TCP bind hash table entries: 8192 (order: 5, 131072 bytes)
[   11.193372] TCP: Hash tables configured (established 8192 bind 8192)
[   11.453371] UDP hash table entries: 512 (order: 2, 16384 bytes)
[   11.663279] UDP-Lite hash table entries: 512 (order: 2, 16384 bytes)
[   11.893353] NET: Registered protocol family 1
[   11.953371] pci 0000:00:00.0: Limiting direct PCI/PCI transfers
[   12.128969] pci 0000:00:01.0: Activating ISA DMA hang workarounds
[   12.353902] Unpacking initramfs...
[   14.041672] Freeing initrd memory: 10820K (ffff880036ace000 - ffff88003755f000)
[   14.103448] RAPL PMU detected, API unit is 2^-32 Joules, 4 fixed counters 10737418240 ms ovfl timer
[   14.170589] hw unit of domain pp0-core 2^-0 Joules
[   14.185278] hw unit of domain package 2^-0 Joules
[   14.213297] hw unit of domain dram 2^-0 Joules
[   14.238984] hw unit of domain pp1-gpu 2^-0 Joules
[   14.269555] platform rtc_cmos: registered platform RTC device (no PNP device found)
[   14.303788] Scanning for low memory corruption every 60 seconds
[   14.553935] audit: initializing netlink subsys (disabled)
[   14.607783] audit: type=2000 audit(1493557194.276:1): initialized
[   14.625803] Initialise system trusted keyring
[   14.693605] HugeTLB registered 2 MB page size, pre-allocated 0 pages
[ 148749] bu: oaed

[   15.098283] VFS: Disk quotas dquot_6.6.0
[  1.1363]VF: Dquot-cache hash table entries: 512 (order 0, 4096 bytes)
[  12610 tc:Reind SCloksur cibatn:2394.043 MHz
[   15.266104] clocksource: tsc: mask: 0xffffffffffffffff max_cycles: 0x22823bfb008, max_idle_ns: 440795216133 ns
[ 15362]quhf vsin 4.0 (2009/01/31) Phillip Lougher
[   16.268223] fuse init (API version 7.23)
[   16.269505] Key type big_key registered
[   16.270574] Allocating IMA MOK and blacklist keyrings.
[   16.272902] Key type asymmetric registered
[   16.319550] Asymmetric key parser 'x509' registered
[   16.378658] Block layer SCSI generic (bsg) driver version 0.4 loaded (major 249)
[   16.463567] io scheduler noop registered
[   16.470880] io scheduler deadline registered (default)
[   16.472130] io scheduler cfq registered
[   16.473271] pci_hotplug: PCI Hot Plug PCI Core version: 0.5
[   16.474547] pciehp: PCI Express Hot Plug Controller Driver version: 0.4
[   16.538837] ACPI: AC Adapter [AC] (on-line)
[   16.539936] input: Power Button as /devices/LNXSYSTM:00/LNXPWRBN:00/input/input0
[   16.541782] ACPI: Power Button [PWRF]
[   16.542861] input: Sleep Button as /devices/LNXSYSTM:00/LNXSLPBN:00/input/input1
[   16.572015] ACPI: Sleep Button [SLPF]
[   16.573846] ACPI: Battery Slot [BAT0] (battery present)
[   16.619654] GHES: HEST is not enabled!
[   16.639958] Serial: 8250/16550 driver, 32 ports, IRQ sharing enabled
[ 16723769] 0:: ySat/O0xf8ir= 4, base_baud = 115200) s 160A
[   17.378579] Linux agpgart interface v0.103
[   17.385180] loop: module loaded
[   17.404174] scsi host0: ata_piix
[   17.408431] scsi host1: ata_piix
[   17.411965] ata1: PATA max UDMA/33 cmd 0x1f0 ctl 0x3f6 bmdma 0xd000 irq 14
[   17.413127] ata2: PATA max UDMA/33 cmd 0x170 ctl 0x376 bmdma 0xd008 irq 15
[   17.414412] libphy: Fixed MDIO Bus: probed
[   17.505202] tun: Universal TUN/TAP device driver, 1.6
[   17.506390] tun: (C) 1999-2004 Max Krasnyansky <maxk@qualcomm.com>
[   17.507892] PPP generic driver version 2.4.2
[   17.509048] ehci_hcd: USB 2.0 'Enhanced' Host Controller (EHCI) Driver
[   17.510471] ehci-pci: EHCI PCI platform driver
[   17.511602] ehci-platform: EHCI generic platform driver
[   17.512841] ohci_hcd: USB 1.1 'Open' Host Controller (OHCI) Driver
[   17.514211] ohci-pci: OHCI PCI platform driver
[   17.515351] ohci-platform: OHCI generic platform driver
[   17.516577] uhci_hcd: USB Universal Host Controller Interface driver
[   17.518056] i8042: PNP: PS/2 Controller [PNP0303:PS2K,PNP0f03:PS2M] at 0x60,0x64 irq 1,12
[   17.520643] serio: i8042 KBD port at 0x60,0x64 irq 1
[   17.733457] serio: i8042 AUX port at 0x60,0x64 irq 12
[   17.814278] mousedev: PS/2 mouse device common for all mice
[   17.953831] rtc_cmos rtc_cmos: rtc core: registered rtc_cmos as rtc0
[   18.103755] input: AT Translated Set 2 keyboard as /devices/platform/i8042/serio0/input/input2
[   18.120675] rtc_cmos rtc_cmos: alarms up to one day, 114 bytes nvram
[   18.123314] i2c /dev entries driver
[   18.124343] device-mapper: uevent: version 1.0.3
[   18.125570] device-mapper: ioctl: 4.34.0-ioctl (2015-10-28) initialised: dm-devel@redhat.com
[   18.144519] ledtrig-cpu: registered to indicate activity on CPUs
[   18.149348] NET: Registered protocol family 10
[   18.151833] NET: Registered protocol family 17
[   18.152989] Key type dns_resolver registered
[   18.154298] microcode: CPU0 sig=0x306d4, pf=0x40, revision=0x0
[   18.155335] microcode: CPU1 sig=0x306d4, pf=0x40, revision=0x0
[   18.156703] microcode: Microcode Update Driver: v2.01 <tigran@aivazian.fsnet.co.uk>, Peter Oruba
[   18.158997] registered taskstats version 1
[   18.160052] Loading compiled-in X.509 certificates
[   18.162961] Loaded X.509 cert 'Build time autogenerated kernel key: c2fea74804032151001b764dbf9eab8df960fa59'
[   18.165256] zswap: loaded using pool lzo/zbud
[   18.168176] Key type trusted registered
[   18.175095] Key type encrypted registered
[   18.183994] AppArmor: AppArmor sha1 policy hashing enabled
[   18.191894] ima: No TPM chip found, activating TPM-bypass!
[   18.193229] evm: HMAC attrs: 0x1
[   18.194559]   Magic number: 13:955:987
[   18.195537] machinecheck machinecheck0: hash matches
[   18.196806] rtc_cmos rtc_cmos: setting system clock to 2017-04-30 13:00:02 UTC (1493557202)
[   18.199027] BIOS EDD facility v0.16 2004-Jun-25, 0 devices found
[   18.200376] EDD information not available.
[   18.202934] Freeing unused kernel memory: 1484K (ffffffff81f45000 - ffffffff820b8000)
[   18.274820] Write protecting the kernel read-only data: 14336k
[   18.276966] Freeing unused kernel memory: 1780K (ffff880001843000 - ffff880001a00000)
[   18.279414] Freeing unused kernel memory: 116K (ffff880001de3000 - ffff880001e00000)
Loading, please wait...
starting version[   18.294025] random: systemd-udevd: uninitialized urandom read (16 bytes read, 3 bits of entropy available)
 229
[   18.294526] random: udevadm: uninitialized urandom read (16 bytes read, 3 bits of entropy available)
[   18.294564] random: udevadm: uninitialized urandom read (16 bytes read, 3 bits of entropy available)
[   18.294683] random: udevadm: uninitialized urandom read (16 bytes read, 3 bits of entropy available)
[   18.294732] random: udevadm: uninitialized urandom read (16 bytes read, 3 bits of entropy available)
[   18.294774] random: udevadm: uninitialized urandom read (16 bytes read, 3 bits of entropy available)
[   18.294818] random: udevadm: uninitialized urandom read (16 bytes read, 3 bits of entropy available)
[   18.294864] random: udevadm: uninitialized urandom read (16 bytes read, 3 bits of entropy available)
[   18.294896] random: udevadm: uninitialized urandom read (16 bytes read, 3 bits of entropy available)
[   18.294928] random: udevadm: uninitialized urandom read (16 bytes read, 3 bits of entropy available)
[   18.383597] e1000: Intel(R) PRO/1000 Network Driver - version 7.3.21-k8-NAPI
[   18.483828] e1000: Copyright (c) 1999-2006 Intel Corporation.
[   18.485172] Fusion MPT base driver 3.04.20
[   18.493814] Copyright (c) 1999-2008 LSI Corporation
[   18.501077] Fusion MPT SPI Host driver 3.04.20
[   18.514705] mptbase: ioc0: Initiating bringup
[   18.542751] AVX version of gcm_enc/dec engaged.
[   18.549871] AES CTR mode by8 optimization enabled
[   18.598484] ioc0: LSI53C1030 A0: Capabilities={Initiator}
[   18.738332] input: ImExPS/2 Generic Explorer Mouse as /devices/platform/i8042/serio1/input/input4
[   18.787750] scsi host2: ioc0: LSI53C1030 A0, FwRev=00000000h, Ports=1, MaxQ=256, IRQ=20
[   19.234371] scsi 2:0:0:0: Direct-Access     VBOX     HARDDISK         1.0  PQ: 0 ANSI: 5
[   19.394700] scsi target2:0:0: Beginning Domain Validation
[   19.414261] scsi target2:0:0: Domain Validation skipping write tests
[   19.447081] scsi target2:0:0: Ending Domain Validation
[   19.451386] scsi target2:0:0: asynchronous
[   19.467243] scsi 2:0:1:0: Direct-Access     VBOX     HARDDISK         1.0  PQ: 0 ANSI: 5
[   19.474377] scsi target2:0:1: Beginning Domain Validation
[   19.478878] scsi target2:0:1: Domain Validation skipping write tests
[   19.482345] scsi target2:0:1: Ending Domain Validation
[   19.498654] scsi target2:0:1: asynchronous
[   19.590012] sd 2:0:0:0: Attached scsi generic sg0 type 0
[   19.627792] sd 2:0:0:0: [sda] 20971520 512-byte logical blocks: (10.7 GB/10.0 GiB)
[   19.630511] sd 2:0:0:0: [sda] Write Protect is off
[   19.639365] sd 2:0:1:0: Attached scsi generic sg1 type 0
[   19.641561] sd 2:0:1:0: [sdb] 20480 512-byte logical blocks: (10.5 MB/10.0 MiB)
[   19.666651] sd 2:0:0:0: [sda] Incomplete mode parameter data
[   19.668706] sd 2:0:0:0: [sda] Assuming drive cache: write through
[   19.672411] sd 2:0:1:0: [sdb] Write Protect is off
[   19.674524] sd 2:0:1:0: [sdb] Incomplete mode parameter data
[   19.687335] sd 2:0:1:0: [sdb] Assuming drive cache: write through
[   19.693530]  sda: sda1
[   19.700146] sd 2:0:0:0: [sda] Attached SCSI disk
[   19.710955] sd 2:0:1:0: [sdb] Attached SCSI disk
[   19.781538] e1000 0000:00:03.0 eth0: (PCI:33MHz:32-bit) 02:e0:44:e9:7f:f7
[   19.798619] e1000 0000:00:03.0 eth0: Intel(R) PRO/1000 Network Connection
[   20.145077] e1000 0000:00:08.0 eth1: (PCI:33MHz:32-bit) 08:00:27:64:a8:7a
[   20.285133] e1000 0000:00:08.0 eth1: Intel(R) PRO/1000 Network Connection
[   20.366934] e1000 0000:00:08.0 enp0s8: renamed from eth1
[   20.446267] e1000 0000:00:03.0 enp0s3: renamed from eth0
[   21.486106] floppy0: no floppy controllers found
Begin: Loading e[   23.064695] md: linear personality registered for level -1
ssential drivers[   23.195980] md: multipath personality registered for level -4
 ... [   23.236000] md: raid0 personality registered for level 0
[   23.274791] md: raid1 personality registered for level 1
[   23.405929] raid6: sse2x1   gen()  8393 MB/s
[   23.525908] raid6: sse2x1   xor()  6857 MB/s
[   23.649924] raid6: sse2x2   gen() 11516 MB/s
[   23.733945] raid6: sse2x2   xor()  7692 MB/s
[   23.829924] raid6: sse2x4   gen() 13289 MB/s
[   23.913937] raid6: sse2x4   xor()  9304 MB/s
[   23.942421] raid6: using algorithm sse2x4 gen() 13289 MB/s
[   23.951989] raid6: .... xor() 9304 MB/s, rmw enabled
[   23.990602] raid6: using ssse3x2 recovery algorithm
[   23.993281] xor: automatically using best checksumming function:
[   24.063040]    avx       : 47222.000 MB/sec
[   24.075297] async_tx: api initialized (async)
[   24.095461] md: raid6 personality registered for level 6
[   24.102015] md: raid5 personality registered for level 5
[   24.103232] md: raid4 personality registered for level 4
[   24.109217] md: raid10 personality registered for level 10
done.
Begin: Running /scripts/init-premount ... done.
Begin: Mounting root file system ... Begin: Running /scripts/local-top ... done.
Begin: Running /scripts/local-premount ... [   24.145824] Btrfs loaded
Scanning for Btrfs filesystems
done.
Warning: fsck not present, so skipping root file system
[   24.231769] EXT4-fs (sda1): mounted filesystem with ordered data mode. Opts: (null)
done.
Begin: Running /scripts/local-bottom ... done.
Begin: Running /scripts/init-bottom ... done.
[   25.084633] random: nonblocking pool is initialized
[   25.214835] systemd[1]: systemd 229 running in system mode. (+PAM +AUDIT +SELINUX +IMA +APPARMOR +SMACK +SYSVINIT +UTMP +LIBCRYPTSETUP +GCRYPT +GNUTLS +ACL +XZ -LZ4 +SECCOMP +BLKID +ELFUTILS +KMOD -IDN)
[   25.235603] systemd[1]: Detected virtualization oracle.
[   25.413526] systemd[1]: Detected architecture x86-64.

Welcome to [1mUbuntu 16.04.2 LTS[0m!

[   25.526016] systemd[1]: Set hostname to <ubuntu>.
[   25.583414] systemd[1]: Initializing machine ID from random generator.
[   25.603900] systemd[1]: Installed transient /etc/machine-id file.
[   26.301521] systemd[1]: Listening on udev Control Socket.
[[0;32m  OK  [0m] Listening on udev Control Socket.
[   26.337549] systemd[1]: Reached target User and Group Name Lookups.
[[0;32m  OK  [0m] Reached target User and Group Name Lookups.
[   26.340286] systemd[1]: Listening on Device-mapper event daemon FIFOs.
[[0;32m  OK  [0m] Listening on Device-mapper event daemon FIFOs.
[   26.376859] systemd[1]: Created slice System Slice.
[[0;32m  OK  [0m] Created slice System Slice.
[   26.392816] systemd[1]: Started Trigger resolvconf update for networkd DNS.
[[0;32m  OK  [0m] Started Trigger resolvconf update for networkd DNS.
[   26.438140] systemd[1]: Listening on udev Kernel Socket.
[[0;32m  OK  [0m] Listening on udev Kernel Socket.
[   26.582165] systemd[1]: Listening on /dev/initctl Compatibility Named Pipe.
[[0;32m  OK  [0m] Listening on /dev/initctl Compatibility Named Pipe.
[   26.602997] systemd[1]: Listening on Journal Socket.
[[0;32m  OK  [0m] Listening on Journal Socket.
[   26.618208] systemd[1]: Starting Remount Root and Kernel File Systems...
[   26.644678] EXT4-fs (sda1): re-mounted. Opts: (null)
         Starting Remount Root and Kernel File Systems...
[   26.686704] systemd[1]: Starting Nameserver information manager...
         Starting Nameserver information manager...
[   26.694697] systemd[1]: Starting Uncomplicated firewall...
         Starting Uncomplicated firewall...
[   26.801680] systemd[1]: Starting Load Kernel Modules...
         Starting Load Kernel Modules...
[   26.812219] systemd[1]: Listening on Journal Socket (/dev/log).
[[0;32m  OK  [0m] Listening on Journal Socket (/dev/log).
[   26.814281] systemd[1]: Reached target Swap.
[[0;32m  OK  [0m] Reached target Swap.
[   26.817173] systemd[1]: Set up automount Arbitrary Executable File Formats File System Automount Point.
[[0;32m  OK  [0m] Set up automount Arbitrary Executab...ats File System Automount Point.
[   26.830979] systemd[1]: Mounting POSIX Message Queue File System...
         Mounting POSIX Message Queue File System...
[   26.845052] systemd[1]: Starting Create list of required static device nodes for the current kernel...
         Starting Create list of required st... nodes for the current kernel...
[   26.855953] Loading iSCSI transport class v2.0-870.
[   26.994251] systemd[1]: Created slice User and Session Slice.
[[0;32m  OK  [0m] Created slice User and Session Slice.
[   27.014101] systemd[1]: Mounting Debug File System...
         [   27.035679] iscsi: registered transport (tcp)
Mounting Debug File System...
[   27.044370] systemd[1]: Created slice system-serial\x2dgetty.slice.
[[0;32m  OK  [0m] Created slice system-serial\x2dgetty.slice.
[   27.118654] systemd[1]: Reached target Encrypted Volumes.
[[0;32m  OK  [0m] Reached target Encrypted Volumes.
[   27.122763] systemd[1]: Listening on Syslog Socket.
[[0;32m  OK  [0m] Listening on Syslog Socket.
[   27.125467] systemd[1]: Listening on Journal Audit Socket.
[[0;32m  OK  [0m] Listening on Journal Audit Socket.
[   27.146266] systemd[1]: Starting Journal Service...
         Starting Journal Service...
[   27.188156] iscsi: registered transport (iser)
[   27.195226] systemd[1]: Listening on LVM2 poll daemon socket.
[[0;32m  OK  [0m] Listening on LVM2 poll daemon socket.
[   27.202278] systemd[1]: Listening on LVM2 metadata daemon socket.
[[0;32m  OK  [0m] Listening on LVM2 metadata daemon socket.
[   27.366068] systemd[1]: Starting Monitoring of LVM2 mirrors, snapshots etc. using dmeventd or progress polling...
         Starting Monitoring of LVM2 mirrors... dmeventd or progress polling...
[   27.377358] systemd[1]: Mounting Huge Pages File System...
         Mounting Huge Pages File System...
[   27.382533] systemd[1]: Reached target Slices.
[[0;32m  OK  [0m] Reached target Slices.
[   27.406072] systemd[1]: Starting Set console keymap...
         Starting Set console keymap...
[   27.486129] systemd[1]: Started Forward Password Requests to Wall Directory Watch.
[[0;32m  OK  [0m] Started Forward Password Requests to Wall Directory Watch.
[   27.587089] systemd[1]: Mounted Huge Pages File System.
[[0;32m  OK  [0m] Mounted Huge Pages File System.
[   27.596379] systemd[1]: Mounted POSIX Message Queue File System.
[[0;32m  OK  [0m] Mounted POSIX Message Queue File System.
[   27.610289] systemd[1]: Mounted Debug File System.
[[0;32m  OK  [0m] Mounted Debug File System.
[   27.616875] systemd[1]: Started Journal Service.
[[0;32m  OK  [0m] Started Journal Service.
[[0;32m  OK  [0m] Started Remount Root and Kernel File Systems.
[[0;32m  OK  [0m] Started Uncomplicated firewall.
[[0;32m  OK  [0m] Started Load Kernel Modules.
[[0;32m  OK  [0m] Started Create list of required sta...ce nodes for the current kernel.
[[0;32m  OK  [0m] Started Set console keymap.
[[0;32m  OK  [0m] Started Nameserver information manager.
[[0;32m  OK  [0m] Started LVM2 metadata daemon.
         Starting Create Static Device Nodes in /dev...
         Mounting FUSE Control File System...
         Starting Apply Kernel Variables...
         Starting udev Coldplug all Devices...
         Starting Initial cloud-init job (pre-networking)...
         Starting Load/Save Random Seed...
         Starting Flush Journal to Persistent Storage...
[[0;32m  OK  [0m] Mounted FUSE Control File System.
[[0;32m  OK  [0m] Started Apply Kernel Variables.
[[0;32m  OK  [0m] Started Load/Save Random Seed.
[[0;32m  OK  [0m] Started udev Coldplug all Devices.
[[0;32m  OK  [0m] Started Flush Journal to Persistent Storage.
[[0;32m  OK  [0m] Started Create Static Device Nodes in /dev.
         Starting udev Kernel Device Manager...
[[0;32m  OK  [0m] Started Monitoring of LVM2 mirrors,...ng dmeventd or progress polling.
[[0;32m  OK  [0m] Started udev Kernel Device Manager.
[[0;32m  OK  [0m] Started Dispatch Password Requests to Console Directory Watch.
[[0;32m  OK  [0m] Reached target Local File Systems (Pre).
[[0;32m  OK  [0m] Reached target Local File Systems.
         Starting Set console font and keymap...
         Starting Commit a transient machine-id on disk...
         Starting Tell Plymouth To Write Out Runtime Data...
         Starting Create Volatile Files and Directories...
         Starting LSB: AppArmor initialization...
[[0;32m  OK  [0m] Started Commit a transient machine-id on disk.
[[0;32m  OK  [0m] Started Create Volatile Files and Directories.
[[0;32m  OK  [0m] Reached target System Time Synchronized.
         Starting Update UTMP about System Boot/Shutdown...
[[0;32m  OK  [0m] Started Tell Plymouth To Write Out Runtime Data.
[[0;32m  OK  [0m] Started Update UTMP about System Boot/Shutdown.
[[0;32m  OK  [0m] Found device /dev/ttyS0.
[[0;32m  OK  [0m] Started Set console font and keymap.
[[0;32m  OK  [0m] Created slice system-getty.slice.
[[0;32m  OK  [0m] Listening on Load/Save RF Kill Switch Status /dev/rfkill Watch.
[[0;32m  OK  [0m] Started LSB: AppArmor initialization.
[   23.791943] cloud-init[445]: Cloud-init v. 0.7.9 running 'init-local' at Sun, 30 Apr 2017 13:00:16 +0000. Up 23.36 seconds.
[[0;32m  OK  [0m] Started Initial cloud-init job (pre-networking).
[[0;32m  OK  [0m] Reached target Network (Pre).
         Starting Raise network interfaces...
[[0;32m  OK  [0m] Started Raise network interfaces.
         Starting Initial cloud-init job (metadata service crawler)...
[[0;32m  OK  [0m] Reached target Network.
[   25.776189] cloud-init[948]: Cloud-init v. 0.7.9 running 'init' at Sun, 30 Apr 2017 13:00:17 +0000. Up 24.45 seconds.
[   25.787970] cloud-init[948]: ci-info: ++++++++++++++++++++++++++++++++++++++Net device info++++++++++++++++++++++++++++++++++++++
[   25.791691] cloud-init[948]: ci-info: +--------+-------+----------------------------+---------------+-------+-------------------+
[   25.798442] cloud-init[948]: ci-info: | Device |   Up  |          Address           |      Mask     | Scope |     Hw-Address    |
[   25.804342] cloud-init[948]: ci-info: +--------+-------+----------------------------+---------------+-------+-------------------+
[   25.813903] cloud-init[948]: ci-info: | enp0s8 | False |             .              |       .       |   .   | 08:00:27:64:a8:7a |
[   25.852794] cloud-init[948]: ci-info: | enp0s3 |  True |         10.0.2.15          | 255.255.255.0 |   .   | 02:e0:44:e9:7f:f7 |
[   25.852952] cloud-init[948]: ci-info: | enp0s3 |  True | fe80::e0:44ff:fee9:7ff7/64 |       .       |  link | 02:e0:44:e9:7f:f7 |
[[0;32m  OK  [0m] Started Initial cloud-init job (metadata service crawler).
[   25.853241] cloud-init[948]: ci-info: |   lo   |  True |         127.0.0.1          |   255.0.0.0   |   .   |         .         |
[   25.865754] cloud-init[948]: ci-info: |   lo   |  True |          ::1/128           |       .       |  host |         .         |
[   25.879765] cloud-init[948]: ci-info: +--------+-------+----------------------------+---------------+-------+-------------------+
[   25.880121] cloud-init[948]: ci-info: +++++++++++++++++++++++++++Route IPv4 info++++++++++++++++++++++++++++
[   25.883197] cloud-init[948]: ci-info: +-------+-------------+----------+---------------+-----------+-------+
[   25.884304] cloud-init[948]: ci-info: | Route | Destination | Gateway  |    Genmask    | Interface | Flags |
[   25.888161] cloud-init[948]: ci-info: +-------+-------------+----------+---------------+-----------+-------+
[   25.888229] cloud-init[948]: ci-info: |   0   |   0.0.0.0   | 10.0.2.2 |    0.0.0.0    |   enp0s3  |   UG  |
[   25.888290] cloud-init[948]: ci-info: |   1   |   10.0.2.0  | 0.0.0.0  | 255.255.255.0 |   enp0s3  |   U   |
[   25.888342] cloud-init[948]: ci-info: +-------+-------------+----------+---------------+-----------+-------+
[   25.888411] cloud-init[948]: Generating public/private rsa key pair.
[   25.888474] cloud-init[948]: Your identification has been saved in /etc/ssh/ssh_host_rsa_key.
[   25.888527] cloud-init[948]: Your public key has been saved in /etc/ssh/ssh_host_rsa_key.pub.
[   25.888578] cloud-init[948]: The key fingerprint is:
[   25.888631] cloud-init[948]: SHA256:aoVgx077iXU72cgUHoQ2rgYkIgV1xIJuOMmRnmRvrJg root@ubuntu-xenial
[   25.888683] cloud-init[948]: The key's randomart image is:
[   25.888736] cloud-init[948]: +---[RSA 2048]----+
[   25.888787] cloud-init[948]: |.=+oo    ..      |
[   25.888838] cloud-init[948]: |+=o.o.  +.       |
[   25.888891] cloud-init[948]: |Oo=+o +o .o      |
[   25.888943] cloud-init[948]: |+* =.= o.. o     |
[   25.888999] cloud-init[948]: |ooo  .+.S +      |
[   25.889051] cloud-init[948]: |E.    o* = =     |
[   25.889102] cloud-init[948]: |     .+ o * .    |
[   25.889155] cloud-init[948]: |     .     .     |
[   25.889205] cloud-init[948]: |                 |
[   25.889256] cloud-init[948]: +----[SHA256]-----+
[   25.889308] cloud-init[948]: Generating public/private dsa key pair.
[   25.889374] cloud-init[948]: Your identification has been saved in /etc/ssh/ssh_host_dsa_key.
[   25.889444] cloud-init[948]: Your public key has been saved in /etc/ssh/ssh_host_dsa_key.pub.
[   25.889495] cloud-init[948]: The key fingerprint is:
[   25.889552] cloud-init[948]: SHA256:sbFVZLYikZ8FOGX+aTQsoy20HLEcmwi5L+a4B17ynyo root@ubuntu-xenial
[   25.889607] cloud-init[948]: The key's randomart image is:
[   25.889657] cloud-init[948]: +---[DSA 1024]----+
[   25.889708] cloud-init[948]: |    ..  +++o=    |
[   25.889761] cloud-init[948]: |    .. o+X =..   |
[   25.889812] cloud-init[948]: |     .. @o*o=    |
[   25.889864] cloud-init[948]: |    .  o %o* o   |
[   25.889915] cloud-init[948]: |     .  S . +    |
[   25.889966] cloud-init[948]: |  o + .  . .     |
[   25.890021] cloud-init[948]: | . O .           |
[   25.890074] cloud-init[948]: |  E +  .         |
[   25.890126] cloud-init[948]: |  .+.oo          |
[   25.890179] cloud-init[948]: +----[SHA256]-----+
[   25.890230] cloud-init[948]: Generating public/private ecdsa key pair.
[   25.890282] cloud-init[948]: Your identification has been saved in /etc/ssh/ssh_host_ecdsa_key.
[   25.890335] cloud-init[948]: Your public key has been saved in /etc/ssh/ssh_host_ecdsa_key.pub.
[   25.890387] cloud-init[948]: The key fingerprint is:
[   25.890438] cloud-init[948]: SHA256:8d3BwzWFHlgKYad1V4ZykaYBnXsOPJYL6q82aps9f5c root@ubuntu-xenial
[   25.890489] cloud-init[948]: The key's randomart image is:
[   25.890541] cloud-init[948]: +---[ECDSA 256]---+
[   25.890594] cloud-init[948]: |          =+o++*O|
[   25.890647] cloud-init[948]: |         . =*=B+.|
[   25.890700] cloud-init[948]: |        . ...X=. |
[   25.890750] cloud-init[948]: |         o..O.oo |
[   25.890801] cloud-init[948]: |        S..o.*.  |
[   25.890870] cloud-init[948]: |        .   . .  |
[   25.890923] cloud-init[948]: |       .       . |
[   25.891105] cloud-init[948]: |      .o=   . E  |
[[0;32m  OK  [0m] Reached target Network is Online.
[   25.891164] cloud-init[948]: |     .++o*o. .   |
[   26.793158] cloud-init[948]: +----[SHA256]-----+
[   26.794033] cloud-init[948]: Generating public/private ed25519 key pair.
[   26.804555] cloud-init[948]: Your identification has been saved in /etc/ssh/ssh_host_ed25519_key.
[   26.804756] cloud-init[948]: Your public key has been saved in /etc/ssh/ssh_host_ed25519_key.pub.
         Starting iSCSI initiator daemon (iscsid)...
[   26.804888] cloud-init[948]: The key fingerprint is:
[   26.810886] cloud-init[948]: SHA256:5SdM7f2lagVsvJOTBRDWMFdytpG2k92NqsBVhdIlDPg root@ubuntu-xenial
[   26.811008] cloud-init[948]: The key's randomart image is:
[   26.811151] cloud-init[948]: +--[ED25519 256]--+
[   26.811300] cloud-init[948]: |         .BO+=B. |
[   26.811452] cloud-init[948]: |        ...+B=oo |
[   26.811605] cloud-init[948]: |         .o=.o.=o|
[   26.811756] cloud-init[948]: |         =E.=.* +|
[   26.811907] cloud-init[948]: |       .S.+.oB...|
[   26.812119] cloud-init[948]: |        o  oB .o.|
[   26.812219] cloud-init[948]: |         . . +. .|
[   26.812376] cloud-init[948]: |          . ..   |
[   26.812720] cloud-init[948]: |           ..    |
[   26.812830] cloud-init[948]: +----[SHA256]-----+
[[0;32m  OK  [0m] Reached target System Initialization.
[[0;32m  OK  [0m] Started ACPI Events Check.
[[0;32m  OK  [0m] Reached target Paths.
         Starting LXD - unix socket.
[[0;32m  OK  [0m] Started Timer to automatically refresh installed snaps.
[[0;32m  OK  [0m] Listening on D-Bus System Message Bus Socket.
[[0;32m  OK  [0m] Listening on UUID daemon activation socket.
[[0;32m  OK  [0m] Started Daily apt activities.
         Starting Socket activation for snappy daemon.
[[0;32m  OK  [0m] Listening on ACPID Listen Socket.
[[0;32m  OK  [0m] Started Daily Cleanup of Temporary Directories.
[[0;32m  OK  [0m] Reached target Timers.
[[0;32m  OK  [0m] Reached target Cloud-config availability.
[[0;32m  OK  [0m] Listening on LXD - unix socket.
[[0;32m  OK  [0m] Listening on Socket activation for snappy daemon.
[[0;32m  OK  [0m] Started iSCSI initiator daemon (iscsid).
         Starting Login to default iSCSI targets...
[[0;32m  OK  [0m] Reached target Sockets.
[[0;32m  OK  [0m] Reached target Basic System.
         Starting Login Service...
[[0;32m  OK  [0m] Started Regular background program processing daemon.
         Starting LSB: Record successful boot for GRUB...
         Starting /etc/rc.local Compatibility...
         Starting System Logging Service...
         Starting Apply the settings specified in cloud-config...
[[0;32m  OK  [0m] Started FUSE filesystem for LXC.
[[0;32m  OK  [0m] Started Deferred execution scheduler.
         Starting Accounts Service...
[[0;32m  OK  [0m] Started D-Bus System Message Bus.
[[0;32m  OK  [0m] Started Snappy daemon.
         Starting Auto import assertions from block devices...
[[0;32m  OK  [0m] Started ACPI event daemon.
         Starting Pollinate to seed the pseudo random number generator...
         Starting LSB: MD monitoring daemon...
         Starting LXD - container startup/shutdown...
[[0;32m  OK  [0m] Started System Logging Service.
[[0;32m  OK  [0m] Started /etc/rc.local Compatibility.
[[0;32m  OK  [0m] Started Auto import assertions from block devices.
[   28.209957] cloud-init[1058]: Generating locales (this might take a while)...
[[0;32m  OK  [0m] Started Login Service.
         Starting Authenticate and Authorize Users to Run Privileged Tasks...
[[0;32m  OK  [0m] Started LSB: Record successful boot for GRUB.
[[0;32m  OK  [0m] Started Login to default iSCSI targets.
[[0;32m  OK  [0m] Started LSB: MD monitoring daemon.
[[0;32m  OK  [0m] Reached target Remote File Systems (Pre).
[[0;32m  OK  [0m] Reached target Remote File Systems.
         Starting LSB: Set the CPU Frequency Scaling governor to "ondemand"...
         Starting LSB: VirtualBox Linux Additions...
         Starting Permit User Sessions...
         Starting LSB: daemon to balance interrupts for SMP systems...
         Starting LSB: automatic crash report generation...
[[0;32m  OK  [0m] Started Permit User Sessions.
[[0;32m  OK  [0m] Started Authenticate and Authorize Users to Run Privileged Tasks.
[[0;32m  OK  [0m] Started Accounts Service.
[[0;32m  OK  [0m] Started LSB: Set the CPU Frequency Scaling governor to "ondemand".
         Starting Terminate Plymouth Boot Screen...
         Starting Hold until boot process finishes up...
[[0;32m  OK  [0m] Started Terminate Plymouth Boot Screen.
[[0;32m  OK  [0m] Started Hold until boot process finishes up.
[[0;32m  OK  [0m] Started Getty on tty1.
         Starting Set console scheme...
[[0;32m  OK  [0m] Started Serial Getty on ttyS0.
[[0;32m  OK  [0m] Reached target Login Prompts.
[[0;32m  OK  [0m] Started LSB: daemon to balance interrupts for SMP systems.
[[0;32m  OK  [0m] Started LSB: automatic crash report generation.
[[0;32m  OK  [0m] Started Set console scheme.
[[0;32m  OK  [0m] Started LSB: VirtualBox Linux Additions.
[   30.238228] cloud-init[1058]:   en_US.UTF-8... done
[   30.245976] cloud-init[1058]: Generation complete.
[[0;32m  OK  [0m] Started Pollinate to seed the pseudo random number generator.
         Starting OpenBSD Secure Shell server...
[[0;32m  OK  [0m] Started LXD - container startup/shutdown.
[[0;32m  OK  [0m] Started OpenBSD Secure Shell server.
[[0;32m  OK  [0m] Reached target Multi-User System.
[[0;32m  OK  [0m] Reached target Graphical Interface.
         Starting Update UTMP about System Runlevel Changes...
[[0;32m  OK  [0m] Started Update UTMP about System Runlevel Changes.
         Stopping OpenBSD Secure Shell server...
[[0;32m  OK  [0m] Stopped OpenBSD Secure Shell server.
         Starting OpenBSD Secure Shell server...
[[0;32m  OK  [0m] Started OpenBSD Secure Shell server.
[[0;32m  OK  [0m] Created slice User Slice of ubuntu.
         Starting User Manager for UID 1000...
[[0;32m  OK  [0m] Started Session 1 of user ubuntu.
[[0;32m  OK  [0m] Started User Manager for UID 1000.
[   33.360981] cloud-init[1058]: Cloud-init v. 0.7.9 running 'modules:config' at Sun, 30 Apr 2017 13:00:21 +0000. Up 27.86 seconds.
[[0;32m  OK  [0m] Started Apply the settings specified in cloud-config.
         Starting Execute cloud user/final scripts...
ci-info: no authorized ssh keys fingerprints found for user ubuntu.
<14>Apr 30 13:00:27 ec2: 
<14>Apr 30 13:00:27 ec2: #############################################################
<14>Apr 30 13:00:27 ec2: -----BEGIN SSH HOST KEY FINGERPRINTS-----
<14>Apr 30 13:00:27 ec2: 1024 SHA256:sbFVZLYikZ8FOGX+aTQsoy20HLEcmwi5L+a4B17ynyo root@ubuntu-xenial (DSA)
<14>Apr 30 13:00:27 ec2: 256 SHA256:8d3BwzWFHlgKYad1V4ZykaYBnXsOPJYL6q82aps9f5c root@ubuntu-xenial (ECDSA)
<14>Apr 30 13:00:27 ec2: 256 SHA256:5SdM7f2lagVsvJOTBRDWMFdytpG2k92NqsBVhdIlDPg root@ubuntu-xenial (ED25519)
<14>Apr 30 13:00:27 ec2: 2048 SHA256:aoVgx077iXU72cgUHoQ2rgYkIgV1xIJuOMmRnmRvrJg root@ubuntu-xenial (RSA)
<14>Apr 30 13:00:27 ec2: -----END SSH HOST KEY FINGERPRINTS-----
<14>Apr 30 13:00:27 ec2: #############################################################
-----BEGIN SSH HOST KEY KEYS-----
ecdsa-sha2-nistp256 AAAAE2VjZHNhLXNoYTItbmlzdHAyNTYAAAAIbmlzdHAyNTYAAABBBNjm2WiYRFYXx2VeSOhc9CSFNBGrCsrKqM3AIt3Rbuz0GifhaDWlxmzlkaazWrMV4gfRSO86elHuxTy+qOaZ7MM= root@ubuntu-xenial
ssh-ed25519 AAAAC3NzaC1lZDI1NTE5AAAAIIPZZr5+RLiejGK/CvRDKHrXMGckBpCRC0rzDTcGjOwV root@ubuntu-xenial
ssh-rsa AAAAB3NzaC1yc2EAAAADAQABAAABAQDXSQb0ZWvNNKfuHHzdj91tgAIB9qUbwOb8QTBHeyoPB1b1KLgrXSf/TMNzb9RrBa/cWMVXcg1o0k1zWfXJoYM2JD1Apgzc2idPaYQJhzOMT6V9GvqMH0UsmScbvbCSJrlG39Lx6lHb62I1ARyvW5BHhJMmMDBdsbuq391S5wmf0wlUVU8P15JxYhlY0xs6ich7tkzLf4CDIkV3RUYa2tZgJRyXVGrAIbkbipoTBio1M2L72+DOvQE1vNOqZqJvEQXjvPIrOVbVCXk3RIeHkSd6DSXJzYV/IKzhMp93GGqIj/cAgndY/9wCATv1F7tnxfqk1EbnrRDSMQzMp8WcOieZ root@ubuntu-xenial
-----END SSH HOST KEY KEYS-----
[   34.133719] cloud-init[1402]: Cloud-init v. 0.7.9 running 'modules:final' at Sun, 30 Apr 2017 13:00:27 +0000. Up 33.79 seconds.
[   34.188668] [   34.189761] cloud-init[1402]: Cloud-init v. 0.7.9 finished at Sun, 30 Apr 2017 13:00:27 +0000. Datasource DataSourceNoCloud [seed=/dev/sdb][dsmode=net].  Up 34.12 seconds

Ubuntu 16.04.2 LTS ubuntu-xenial ttyS0

ubuntu-xenial login: 